// Jest Snapshot v1, https://goo.gl/fbAQLP

exports[`NonfungiblePositionManager #createAndInitializePoolIfNecessary gas 1`] = `4612043`;

exports[`NonfungiblePositionManager #mint gas first mint for pool 1`] = `619406`;

exports[`NonfungiblePositionManager #mint gas first mint for pool using eth with non-zero refund 1`] = `629737`;

exports[`NonfungiblePositionManager #mint gas first mint for pool using eth with zero refund 1`] = `622512`;

exports[`NonfungiblePositionManager #mint gas mint for same pool, different ticks 1`] = `451862`;

exports[`NonfungiblePositionManager #mint gas mint on same ticks 1`] = `344732`;

exports[`NonfungiblePositionManager bytecode size 1`] = `24450`;
